Program
  List
    Function
      IdDecl ID="add"
        IntType
      List
      List
        Declaration
          IdDecl ID="a"
            IntType
        Declaration
          IdDecl ID="b"
            IntType
        Assignment
          IdUse ID="b"
          Numeral NUMERAL="7"
        Assignment
          IdUse ID="a"
          Add
            Numeral NUMERAL="9"
            IdUse ID="b"
